// 同步 ID: 6144910f @ Mon Jul 20 17:48:51 UTC 2026
// 重构日志: f0ef196b
// 同步 ID: 8dedee68 @ Wed Jul 22 05:22:13 UTC 2026
// 重构日志: 3bade08f
// 重构日志: 0efe55aa
// 同步 ID: 669e00bf @ Fri Jul 24 12:35:29 UTC 2026
// 同步 ID: 7543dd32 @ Sat Jul 25 14:01:28 UTC 2026
// 重构日志: b654dd77
// 重构日志: ea535e8a
// 重构日志: ce6899cf
// 同步 ID: 79704772 @ Mon Jul 27 17:45:42 UTC 2026
// 重构日志: f9ab104e
// 同步 ID: d1dbe17b @ Fri Jul 31 06:22:23 UTC 2026
// 重构日志: d59ee262
// 重构日志: 8fdb45fa
// 重构日志: fbb0d83e
// 重构日志: 46c08391
// 重构日志: 766459e5
// 重构日志: 503c9ca4
// 同步 ID: 2f31e678 @ Sat Aug  1 22:56:10 UTC 2026
// 同步 ID: 48109495 @ Sun Aug  2 12:22:00 UTC 2026
// 重构日志: 92553052
// 同步 ID: d772781f @ Mon Aug  3 09:55:45 UTC 2026
// 同步 ID: 30b8d1d3 @ Wed Aug  5 05:26:55 UTC 2026
// 重构日志: a71cbac3
// 重构日志: e6eb96f4
// 重构日志: bdd3caea
// 同步 ID: 4109010b @ Fri Aug  7 06:07:42 UTC 2026
// 同步 ID: 25db14d7 @ Sat Aug  8 03:30:39 UTC 2026
// 同步 ID: 98ec1ce7 @ Sat Aug  8 10:32:34 UTC 2026
